<?xml version="1.0" encoding="UTF-8"?><article xmlns='http://docbook.org/ns/docbook' version="5.0"><info><title>Document Heading</title><subjectset schema="Subject1"><subject><subjectterm>This</subjectterm></subject><subject><subjectterm>Is</subjectterm></subject><subject><subjectterm>Six</subjectterm></subject><subject><subjectterm>Terms</subjectterm></subject><subject><subjectterm>In</subjectterm></subject><subject><subjectterm>Total</subjectterm></subject></subjectset><subjectset schema="Subject2"><subject><subjectterm>Interspersed</subjectterm></subject></subjectset></info><simpara>The above document only has two subjects.</simpara></article>
